// Vitest Snapshot v1, https://vitest.dev/guide/snapshot.html

exports[`generatePalette > produces stable output 1`] = `
[
  {
    "anchor": "400",
    "reference": "yellow",
    "shades": {
      "100": "#fdf7c9",
      "200": "#fced96",
      "300": "#fbdd55",
      "400": "#f5c518",
      "50": "#fefceb",
      "500": "#e7b01d",
      "600": "#c88817",
      "700": "#9e6117",
      "800": "#824d19",
      "900": "#6e401c",
      "950": "#40220d",
    },
  },
  {
    "anchor": "900",
    "reference": "blue",
    "shades": {
      "100": "#dceafd",
      "200": "#c0dbfd",
      "300": "#91c5ff",
      "400": "#56a2ff",
      "50": "#eff6fe",
      "500": "#3380fe",
      "600": "#1d60f4",
      "700": "#194bdf",
      "800": "#1c3eb3",
      "900": "#1e3a8a",
      "950": "#172553",
    },
  },
  {
    "anchor": "500",
    "reference": "emerald",
    "shades": {
      "100": "#d4f8ec",
      "200": "#acf0dc",
      "300": "#72e5c8",
      "400": "#26cfaa",
      "50": "#edfcf8",
      "500": "#00b894",
      "600": "#009578",
      "700": "#087763",
      "800": "#0f5e4f",
      "900": "#124c42",
      "950": "#082b26",
    },
  },
  {
    "anchor": "500",
    "reference": "neutral",
    "shades": {
      "100": "#f8f8f8",
      "200": "#ebebeb",
      "300": "#dddddd",
      "400": "#acacac",
      "50": "#fafafa",
      "500": "#808080",
      "600": "#5c5c5c",
      "700": "#474747",
      "800": "#2a2a2a",
      "900": "#191919",
      "950": "#0a0a0a",
    },
  },
]
`;
